
 RUN  v4.1.1 C:/Users/USUARIO/Documents/Proyecto_Ecorisaralda/Frontend/Frontend_EcoRisaralda

 Ô£ô src/test/smoke.test.js > Simple Test > should pass 5ms
node.exe : stderr | src/
test/HomePage.test.jsx 
> HomePage > renders 
welcome message for 
unauthenticated user
En línea: 1 Carácter: 1
+ & "C:\Program 
Files\nodejs/node.exe" 
"C:\Program 
Files\nodejs/node_mo ...
+ ~~~~~~~~~~~~~~~~~~~~~~
~~~~~~~~~~~~~~~~~~~~~~~~
~~~~~~~~~~~~~~~~~~~~~~~
    + CategoryInfo      
        : NotSpecified  
  : (stderr | src/te.   
 ..henticated user:S    
tring) [], RemoteEx    
ception
    + FullyQualifiedErr 
   orId : NativeComman  
  dError
 
ÔÜá´©Å React Router 
Future Flag Warning: 
React Router will begin 
wrapping state updates 
in 
`React.startTransition` 
in v7. You can use the 
`v7_startTransition` 
future flag to opt-in 
early. For more 
information, see https:/
/reactrouter.com/v6/upgr
ading/future#v7_starttra
nsition.
ÔÜá´©Å React Router 
Future Flag Warning: 
Relative route 
resolution within Splat 
routes is changing in 
v7. You can use the 
`v7_relativeSplatPath` 
future flag to opt-in 
early. For more 
information, see https:/
/reactrouter.com/v6/upgr
ading/future#v7_relative
splatpath.
Warning: An update to 
HomePage inside a test 
was not wrapped in 
act(...).

When testing, code that 
causes React state 
updates should be 
wrapped into act(...):

act(() => {
  /* fire events that 
update state */
});
/* assert on the output 
*/

This ensures that 
you're testing the 
behavior the user would 
see in the browser. 
Learn more at https://re
actjs.org/link/wrap-test
s-with-act
    at HomePage (C:/User
s/USUARIO/Documents/Proy
ecto_Ecorisaralda/Fronte
nd/Frontend_EcoRisaralda
/src/HomePage.jsx:15:21)
    at Router (C:\Users\
USUARIO\Documents\Proyec
to_Ecorisaralda\Frontend
\Frontend_EcoRisaralda\n
ode_modules\react-router
\dist\umd\react-router.d
evelopment.js:1207:17)
    at MemoryRouter (C:\
Users\USUARIO\Documents\
Proyecto_Ecorisaralda\Fr
ontend\Frontend_EcoRisar
alda\node_modules\react-
router\dist\umd\react-ro
uter.development.js:1101
:7)
Warning: An update to 
HomePage inside a test 
was not wrapped in 
act(...).

When testing, code that 
causes React state 
updates should be 
wrapped into act(...):

act(() => {
  /* fire events that 
update state */
});
/* assert on the output 
*/

This ensures that 
you're testing the 
behavior the user would 
see in the browser. 
Learn more at https://re
actjs.org/link/wrap-test
s-with-act
    at HomePage (C:/User
s/USUARIO/Documents/Proy
ecto_Ecorisaralda/Fronte
nd/Frontend_EcoRisaralda
/src/HomePage.jsx:15:21)
    at Router (C:\Users\
USUARIO\Documents\Proyec
to_Ecorisaralda\Frontend
\Frontend_EcoRisaralda\n
ode_modules\react-router
\dist\umd\react-router.d
evelopment.js:1207:17)
    at MemoryRouter (C:\
Users\USUARIO\Documents\
Proyecto_Ecorisaralda\Fr
ontend\Frontend_EcoRisar
alda\node_modules\react-
router\dist\umd\react-ro
uter.development.js:1101
:7)
Warning: An update to 
HomePage inside a test 
was not wrapped in 
act(...).

When testing, code that 
causes React state 
updates should be 
wrapped into act(...):

act(() => {
  /* fire events that 
update state */
});
/* assert on the output 
*/

This ensures that 
you're testing the 
behavior the user would 
see in the browser. 
Learn more at https://re
actjs.org/link/wrap-test
s-with-act
    at HomePage (C:/User
s/USUARIO/Documents/Proy
ecto_Ecorisaralda/Fronte
nd/Frontend_EcoRisaralda
/src/HomePage.jsx:15:21)
    at Router (C:\Users\
USUARIO\Documents\Proyec
to_Ecorisaralda\Frontend
\Frontend_EcoRisaralda\n
ode_modules\react-router
\dist\umd\react-router.d
evelopment.js:1207:17)
    at MemoryRouter (C:\
Users\USUARIO\Documents\
Proyecto_Ecorisaralda\Fr
ontend\Frontend_EcoRisar
alda\node_modules\react-
router\dist\umd\react-ro
uter.development.js:1101
:7)
Warning: An update to 
HomePage inside a test 
was not wrapped in 
act(...).

When testing, code that 
causes React state 
updates should be 
wrapped into act(...):

act(() => {
  /* fire events that 
update state */
});
/* assert on the output 
*/

This ensures that 
you're testing the 
behavior the user would 
see in the browser. 
Learn more at https://re
actjs.org/link/wrap-test
s-with-act
    at HomePage (C:/User
s/USUARIO/Documents/Proy
ecto_Ecorisaralda/Fronte
nd/Frontend_EcoRisaralda
/src/HomePage.jsx:15:21)
    at Router (C:\Users\
USUARIO\Documents\Proyec
to_Ecorisaralda\Frontend
\Frontend_EcoRisaralda\n
ode_modules\react-router
\dist\umd\react-router.d
evelopment.js:1207:17)
    at MemoryRouter (C:\
Users\USUARIO\Documents\
Proyecto_Ecorisaralda\Fr
ontend\Frontend_EcoRisar
alda\node_modules\react-
router\dist\umd\react-ro
uter.development.js:1101
:7)

stderr | src/test/HomePa
ge.test.jsx > HomePage 
> renders welcome 
message with user name 
for authenticated user
Warning: An update to 
HomePage inside a test 
was not wrapped in 
act(...).

When testing, code that 
causes React state 
updates should be 
wrapped into act(...):

act(() => {
  /* fire events that 
update state */
});
/* assert on the output 
*/

This ensures that 
you're testing the 
behavior the user would 
see in the browser. 
Learn more at https://re
actjs.org/link/wrap-test
s-with-act
    at HomePage (C:/User
s/USUARIO/Documents/Proy
ecto_Ecorisaralda/Fronte
nd/Frontend_EcoRisaralda
/src/HomePage.jsx:15:21)
    at Router (C:\Users\
USUARIO\Documents\Proyec
to_Ecorisaralda\Frontend
\Frontend_EcoRisaralda\n
ode_modules\react-router
\dist\umd\react-router.d
evelopment.js:1207:17)
    at MemoryRouter (C:\
Users\USUARIO\Documents\
Proyecto_Ecorisaralda\Fr
ontend\Frontend_EcoRisar
alda\node_modules\react-
router\dist\umd\react-ro
uter.development.js:1101
:7)
Warning: An update to 
HomePage inside a test 
was not wrapped in 
act(...).

When testing, code that 
causes React state 
updates should be 
wrapped into act(...):

act(() => {
  /* fire events that 
update state */
});
/* assert on the output 
*/

This ensures that 
you're testing the 
behavior the user would 
see in the browser. 
Learn more at https://re
actjs.org/link/wrap-test
s-with-act
    at HomePage (C:/User
s/USUARIO/Documents/Proy
ecto_Ecorisaralda/Fronte
nd/Frontend_EcoRisaralda
/src/HomePage.jsx:15:21)
    at Router (C:\Users\
USUARIO\Documents\Proyec
to_Ecorisaralda\Frontend
\Frontend_EcoRisaralda\n
ode_modules\react-router
\dist\umd\react-router.d
evelopment.js:1207:17)
    at MemoryRouter (C:\
Users\USUARIO\Documents\
Proyecto_Ecorisaralda\Fr
ontend\Frontend_EcoRisar
alda\node_modules\react-
router\dist\umd\react-ro
uter.development.js:1101
:7)
Warning: An update to 
HomePage inside a test 
was not wrapped in 
act(...).

When testing, code that 
causes React state 
updates should be 
wrapped into act(...):

act(() => {
  /* fire events that 
update state */
});
/* assert on the output 
*/

This ensures that 
you're testing the 
behavior the user would 
see in the browser. 
Learn more at https://re
actjs.org/link/wrap-test
s-with-act
    at HomePage (C:/User
s/USUARIO/Documents/Proy
ecto_Ecorisaralda/Fronte
nd/Frontend_EcoRisaralda
/src/HomePage.jsx:15:21)
    at Router (C:\Users\
USUARIO\Documents\Proyec
to_Ecorisaralda\Frontend
\Frontend_EcoRisaralda\n
ode_modules\react-router
\dist\umd\react-router.d
evelopment.js:1207:17)
    at MemoryRouter (C:\
Users\USUARIO\Documents\
Proyecto_Ecorisaralda\Fr
ontend\Frontend_EcoRisar
alda\node_modules\react-
router\dist\umd\react-ro
uter.development.js:1101
:7)
Warning: An update to 
HomePage inside a test 
was not wrapped in 
act(...).

When testing, code that 
causes React state 
updates should be 
wrapped into act(...):

act(() => {
  /* fire events that 
update state */
});
/* assert on the output 
*/

This ensures that 
you're testing the 
behavior the user would 
see in the browser. 
Learn more at https://re
actjs.org/link/wrap-test
s-with-act
    at HomePage (C:/User
s/USUARIO/Documents/Proy
ecto_Ecorisaralda/Fronte
nd/Frontend_EcoRisaralda
/src/HomePage.jsx:15:21)
    at Router (C:\Users\
USUARIO\Documents\Proyec
to_Ecorisaralda\Frontend
\Frontend_EcoRisaralda\n
ode_modules\react-router
\dist\umd\react-router.d
evelopment.js:1207:17)
    at MemoryRouter (C:\
Users\USUARIO\Documents\
Proyecto_Ecorisaralda\Fr
ontend\Frontend_EcoRisar
alda\node_modules\react-
router\dist\umd\react-ro
uter.development.js:1101
:7)

stderr | src/test/HomePa
ge.test.jsx > HomePage 
> renders welcome 
message with user name 
for authenticated user
Warning: An update to 
HomePage inside a test 
was not wrapped in 
act(...).

When testing, code that 
causes React state 
updates should be 
wrapped into act(...):

act(() => {
  /* fire events that 
update state */
});
/* assert on the output 
*/

This ensures that 
you're testing the 
behavior the user would 
see in the browser. 
Learn more at https://re
actjs.org/link/wrap-test
s-with-act
    at HomePage (C:/User
s/USUARIO/Documents/Proy
ecto_Ecorisaralda/Fronte
nd/Frontend_EcoRisaralda
/src/HomePage.jsx:15:21)
    at Router (C:\Users\
USUARIO\Documents\Proyec
to_Ecorisaralda\Frontend
\Frontend_EcoRisaralda\n
ode_modules\react-router
\dist\umd\react-router.d
evelopment.js:1207:17)
    at MemoryRouter (C:\
Users\USUARIO\Documents\
Proyecto_Ecorisaralda\Fr
ontend\Frontend_EcoRisar
alda\node_modules\react-
router\dist\umd\react-ro
uter.development.js:1101
:7)

 Ô£ô src/test/LoginPage.test.jsx > LoginPage > renders login form correctly 102ms
 Ô£ô src/test/LoginPage.test.jsx > LoginPage > shows error message on failed login 385ms
 Ô£ô src/test/LoginPage.test.jsx > LoginPage > navigates home on successful login 107ms
stderr | src/test/HomePa
ge.test.jsx > HomePage 
> renders the "Explorar 
colecci├│n" button
Warning: An update to 
HomePage inside a test 
was not wrapped in 
act(...).

When testing, code that 
causes React state 
updates should be 
wrapped into act(...):

act(() => {
  /* fire events that 
update state */
});
/* assert on the output 
*/

This ensures that 
you're testing the 
behavior the user would 
see in the browser. 
Learn more at https://re
actjs.org/link/wrap-test
s-with-act
    at HomePage (C:/User
s/USUARIO/Documents/Proy
ecto_Ecorisaralda/Fronte
nd/Frontend_EcoRisaralda
/src/HomePage.jsx:15:21)
    at Router (C:\Users\
USUARIO\Documents\Proyec
to_Ecorisaralda\Frontend
\Frontend_EcoRisaralda\n
ode_modules\react-router
\dist\umd\react-router.d
evelopment.js:1207:17)
    at MemoryRouter (C:\
Users\USUARIO\Documents\
Proyecto_Ecorisaralda\Fr
ontend\Frontend_EcoRisar
alda\node_modules\react-
router\dist\umd\react-ro
uter.development.js:1101
:7)
Warning: An update to 
HomePage inside a test 
was not wrapped in 
act(...).

When testing, code that 
causes React state 
updates should be 
wrapped into act(...):

act(() => {
  /* fire events that 
update state */
});
/* assert on the output 
*/

This ensures that 
you're testing the 
behavior the user would 
see in the browser. 
Learn more at https://re
actjs.org/link/wrap-test
s-with-act
    at HomePage (C:/User
s/USUARIO/Documents/Proy
ecto_Ecorisaralda/Fronte
nd/Frontend_EcoRisaralda
/src/HomePage.jsx:15:21)
    at Router (C:\Users\
USUARIO\Documents\Proyec
to_Ecorisaralda\Frontend
\Frontend_EcoRisaralda\n
ode_modules\react-router
\dist\umd\react-router.d
evelopment.js:1207:17)
    at MemoryRouter (C:\
Users\USUARIO\Documents\
Proyecto_Ecorisaralda\Fr
ontend\Frontend_EcoRisar
alda\node_modules\react-
router\dist\umd\react-ro
uter.development.js:1101
:7)
Warning: An update to 
HomePage inside a test 
was not wrapped in 
act(...).

When testing, code that 
causes React state 
updates should be 
wrapped into act(...):

act(() => {
  /* fire events that 
update state */
});
/* assert on the output 
*/

This ensures that 
you're testing the 
behavior the user would 
see in the browser. 
Learn more at https://re
actjs.org/link/wrap-test
s-with-act
    at HomePage (C:/User
s/USUARIO/Documents/Proy
ecto_Ecorisaralda/Fronte
nd/Frontend_EcoRisaralda
/src/HomePage.jsx:15:21)
    at Router (C:\Users\
USUARIO\Documents\Proyec
to_Ecorisaralda\Frontend
\Frontend_EcoRisaralda\n
ode_modules\react-router
\dist\umd\react-router.d
evelopment.js:1207:17)
    at MemoryRouter (C:\
Users\USUARIO\Documents\
Proyecto_Ecorisaralda\Fr
ontend\Frontend_EcoRisar
alda\node_modules\react-
router\dist\umd\react-ro
uter.development.js:1101
:7)
Warning: An update to 
HomePage inside a test 
was not wrapped in 
act(...).

When testing, code that 
causes React state 
updates should be 
wrapped into act(...):

act(() => {
  /* fire events that 
update state */
});
/* assert on the output 
*/

This ensures that 
you're testing the 
behavior the user would 
see in the browser. 
Learn more at https://re
actjs.org/link/wrap-test
s-with-act
    at HomePage (C:/User
s/USUARIO/Documents/Proy
ecto_Ecorisaralda/Fronte
nd/Frontend_EcoRisaralda
/src/HomePage.jsx:15:21)
 Ô£ô src/test/HomePage.test.jsx > HomePage > renders welcome message for unauthenticated user 171ms
    at Router (C:\Users\
USUARIO\Documents\Proyec
to_Ecorisaralda\Frontend
\Frontend_EcoRisaralda\n
ode_modules\react-router
\dist\umd\react-router.d
evelopment.js:1207:17)
    at MemoryRouter (C:\
Users\USUARIO\Documents\
Proyecto_Ecorisaralda\Fr
ontend\Frontend_EcoRisar
alda\node_modules\react-
router\dist\umd\react-ro
uter.development.js:1101
:7)

 Ô£ô src/test/HomePage.test.jsx > HomePage > renders welcome message with user name for authenticated user 61ms
 Ô£ô src/test/HomePage.test.jsx > HomePage > renders the "Explorar colecci├│n" button 405ms

 Test Files  3 passed (3)
      Tests  7 passed (7)
   Start at  02:33:54
   Duration  6.17s (transform 644ms, setup 1.41s, import 2.02s, tests 1.25s, environment 8.05s)

